../Core/Src/ili9341.c:27:6:LCD_Init	8	static
../Core/Src/ili9341.c:133:6:LCD_CMD	16	static
../Core/Src/ili9341.c:151:6:LCD_DATA	16	static
../Core/Src/ili9341.c:160:6:SetWindows	24	static
../Core/Src/ili9341.c:177:6:LCD_Clear	24	static
../Core/Src/ili9341.c:197:6:H_line	32	static
../Core/Src/ili9341.c:217:6:V_line	32	static
../Core/Src/ili9341.c:237:6:Rect	24	static
../Core/Src/ili9341.c:247:6:FillRect	40	static
../Core/Src/ili9341.c:272:6:LCD_Print	104	dynamic
../Core/Src/ili9341.c:337:6:LCD_Bitmap	40	static
../Core/Src/ili9341.c:360:6:LCD_BitmapTransparent	40	static
../Core/Src/ili9341.c:384:6:LCD_BitmapPartial	48	static
../Core/Src/ili9341.c:407:6:LCD_BitmapPartialTransparent	48	static
../Core/Src/ili9341.c:431:17:_fade_color	24	static
../Core/Src/ili9341.c:452:6:LCD_FadeInPartial	56	static
../Core/Src/ili9341.c:479:6:LCD_FadeInTransparent	56	static
../Core/Src/ili9341.c:511:6:LCD_Sprite	64	static
../Core/Src/ili9341.c:571:13:_restore_bg_rect	64	static
../Core/Src/ili9341.c:608:6:LCD_SpriteOverBg	80	static
../Core/Src/ili9341.c:667:6:LCD_RestoreBgDelta	72	static
