../Core/Src/main.c:126:13:DrawStall	56	static
../Core/Src/main.c:172:13:Draw7Seg	40	static
../Core/Src/main.c:189:6:Parking_DrawStaticUI	24	static
../Core/Src/main.c:202:6:Parking_SetSpot	16	static
../Core/Src/main.c:208:6:Parking_Update	16	static
../Core/Src/main.c:230:5:main	24	static
../Core/Src/main.c:315:6:SystemClock_Config	88	static
../Core/Src/main.c:363:13:MX_ADC1_Init	24	static
../Core/Src/main.c:442:13:MX_I2C1_Init	8	static
../Core/Src/main.c:476:13:MX_SPI1_Init	8	static
../Core/Src/main.c:514:13:MX_TIM1_Init	96	static
../Core/Src/main.c:589:13:MX_USART2_UART_Init	8	static
../Core/Src/main.c:620:13:MX_DMA_Init	16	static
../Core/Src/main.c:641:13:MX_GPIO_Init	48	static
../Core/Src/main.c:712:6:HAL_I2C_ListenCpltCallback	16	static
../Core/Src/main.c:716:6:HAL_I2C_AddrCallback	16	static
../Core/Src/main.c:726:6:HAL_I2C_SlaveRxCpltCallback	16	static
../Core/Src/main.c:733:6:HAL_I2C_ErrorCallback	16	static
../Core/Src/main.c:745:6:Error_Handler	4	static,ignoring_inline_asm
