../Core/Src/main.c:118:13:DrawStall	56	static
../Core/Src/main.c:164:13:Draw7Seg	40	static
../Core/Src/main.c:181:6:Parking_DrawStaticUI	24	static
../Core/Src/main.c:194:6:Parking_SetSpot	16	static
../Core/Src/main.c:200:6:Parking_Update	16	static
../Core/Src/main.c:222:5:main	24	static
../Core/Src/main.c:300:6:SystemClock_Config	88	static
../Core/Src/main.c:348:13:MX_ADC1_Init	24	static
../Core/Src/main.c:427:13:MX_SPI1_Init	8	static
../Core/Src/main.c:465:13:MX_TIM1_Init	96	static
../Core/Src/main.c:540:13:MX_USART2_UART_Init	8	static
../Core/Src/main.c:571:13:MX_DMA_Init	16	static
../Core/Src/main.c:592:13:MX_GPIO_Init	48	static
../Core/Src/main.c:669:6:Error_Handler	4	static,ignoring_inline_asm
