22:01:54 **** Incremental Build of configuration Debug for project I2C_STM_SLAVE ****
make -j12 all 
arm-none-eabi-gcc "../Core/Src/main.c" -mcpu=cortex-m4 -std=gnu11 -g3 -DDEBUG -DUSE_HAL_DRIVER -DSTM32F446xx -c -I../Core/Inc -I../Drivers/STM32F4xx_HAL_Driver/Inc -I../Drivers/STM32F4xx_HAL_Driver/Inc/Legacy -I../Drivers/CMSIS/Device/ST/STM32F4xx/Include -I../Drivers/CMSIS/Include -O0 -ffunction-sections -fdata-sections -Wall -fstack-usage -fcyclomatic-complexity -MMD -MP -MF"Core/Src/main.d" -MT"Core/Src/main.o" --specs=nano.specs -mfpu=fpv4-sp-d16 -mfloat-abi=hard -mthumb -o "Core/Src/main.o"
arm-none-eabi-gcc -o "I2C_STM_SLAVE.elf" @"objects.list"   -mcpu=cortex-m4 -T"C:\Users\Usuario\Documents\UVG\CUARTO AÑO\Digital II\I2C_STM_SLAVE\I2C_STM_SLAVE\STM32F446RETX_FLASH.ld" --specs=nosys.specs -Wl,-Map="I2C_STM_SLAVE.map" -Wl,--gc-sections -static --specs=nano.specs -mfpu=fpv4-sp-d16 -mfloat-abi=hard -mthumb -Wl,--start-group -lc -lm -Wl,--end-group
Finished building target: I2C_STM_SLAVE.elf
 
arm-none-eabi-size  I2C_STM_SLAVE.elf 
arm-none-eabi-objdump -h -S I2C_STM_SLAVE.elf  > "I2C_STM_SLAVE.list"
   text	   data	    bss	    dec	    hex	filename
  17156	     12	   1732	  18900	   49d4	I2C_STM_SLAVE.elf
Finished building: default.size.stdout
 
Finished building: I2C_STM_SLAVE.list
 

22:01:56 Build Finished. 0 errors, 0 warnings. (took 1s.191ms)

